br\edu\iftm\ds\exemplos\imobiliaria\control\AuthController.class
br\edu\iftm\ds\exemplos\imobiliaria\repository\StatusImovelRepository.class
br\edu\iftm\ds\exemplos\imobiliaria\domain\Usuario.class
br\edu\iftm\ds\exemplos\imobiliaria\domain\ContratoVenda.class
br\edu\iftm\ds\exemplos\imobiliaria\repository\VisitaRepository.class
br\edu\iftm\ds\exemplos\imobiliaria\domain\Imovel.class
br\edu\iftm\ds\exemplos\imobiliaria\domain\Corretor$Coreetor.class
br\edu\iftm\ds\exemplos\imobiliaria\domain\StatusImovel.class
br\edu\iftm\ds\exemplos\imobiliaria\control\ImovelController.class
br\edu\iftm\ds\exemplos\imobiliaria\config\Jwts.class
br\edu\iftm\ds\exemplos\imobiliaria\repository\UsuarioRepository.class
br\edu\iftm\ds\exemplos\imobiliaria\repository\ImovelRepository.class
br\edu\iftm\ds\exemplos\imobiliaria\repository\PerfilRepository.class
br\edu\iftm\ds\exemplos\imobiliaria\config\Keys.class
br\edu\iftm\ds\exemplos\imobiliaria\domain\Corretor.class
br\edu\iftm\ds\exemplos\imobiliaria\imbobiliariaApplication.class
br\edu\iftm\ds\exemplos\imobiliaria\repository\ContratoAluguelRepository.class
br\edu\iftm\ds\exemplos\imobiliaria\Service\UsuarioService.class
br\edu\iftm\ds\exemplos\imobiliaria\repository\CorretorRepository.class
br\edu\iftm\ds\exemplos\imobiliaria\config\SecurityConfig.class
br\edu\iftm\ds\exemplos\imobiliaria\domain\ContratoAluguel.class
br\edu\iftm\ds\exemplos\imobiliaria\control\PerfilController.class
br\edu\iftm\ds\exemplos\imobiliaria\dto\AuthRequest.class
br\edu\iftm\ds\exemplos\imobiliaria\control\UsuarioController.class
br\edu\iftm\ds\exemplos\imobiliaria\config\JwtUtil.class
br\edu\iftm\ds\exemplos\imobiliaria\dto\AuthResponse.class
br\edu\iftm\ds\exemplos\imobiliaria\domain\Perfil.class
br\edu\iftm\ds\exemplos\imobiliaria\repository\ContratoVendaRepository.class
br\edu\iftm\ds\exemplos\imobiliaria\domain\Endereco.class
br\edu\iftm\ds\exemplos\imobiliaria\config\JwtAuthFilter.class
br\edu\iftm\ds\exemplos\imobiliaria\domain\Visita.class
br\edu\iftm\ds\exemplos\imobiliaria\repository\EnderecoRepository.class
