C:\Users\nicol\Downloads\imbobiliaria\src\main\java\br\edu\iftm\ds\exemplos\imobiliaria\domain\Perfil.java
C:\Users\nicol\Downloads\imbobiliaria\src\main\java\br\edu\iftm\ds\exemplos\imobiliaria\domain\ContratoAluguel.java
C:\Users\nicol\Downloads\imbobiliaria\src\main\java\br\edu\iftm\ds\exemplos\imobiliaria\repository\VisitaRepository.java
C:\Users\nicol\Downloads\imbobiliaria\src\main\java\br\edu\iftm\ds\exemplos\imobiliaria\dto\AuthRequest.java
C:\Users\nicol\Downloads\imbobiliaria\src\main\java\br\edu\iftm\ds\exemplos\imobiliaria\control\ImovelController.java
C:\Users\nicol\Downloads\imbobiliaria\src\main\java\br\edu\iftm\ds\exemplos\imobiliaria\control\PerfilController.java
C:\Users\nicol\Downloads\imbobiliaria\src\main\java\br\edu\iftm\ds\exemplos\imobiliaria\domain\Visita.java
C:\Users\nicol\Downloads\imbobiliaria\src\main\java\br\edu\iftm\ds\exemplos\imobiliaria\repository\ContratoAluguelRepository.java
C:\Users\nicol\Downloads\imbobiliaria\src\main\java\br\edu\iftm\ds\exemplos\imobiliaria\imbobiliariaApplication.java
C:\Users\nicol\Downloads\imbobiliaria\src\main\java\br\edu\iftm\ds\exemplos\imobiliaria\repository\EnderecoRepository.java
C:\Users\nicol\Downloads\imbobiliaria\src\main\java\br\edu\iftm\ds\exemplos\imobiliaria\config\SecurityConfig.java
C:\Users\nicol\Downloads\imbobiliaria\src\main\java\br\edu\iftm\ds\exemplos\imobiliaria\repository\UsuarioRepository.java
C:\Users\nicol\Downloads\imbobiliaria\src\main\java\br\edu\iftm\ds\exemplos\imobiliaria\domain\ContratoVenda.java
C:\Users\nicol\Downloads\imbobiliaria\src\main\java\br\edu\iftm\ds\exemplos\imobiliaria\config\JwtUtil.java
C:\Users\nicol\Downloads\imbobiliaria\src\main\java\br\edu\iftm\ds\exemplos\imobiliaria\repository\PerfilRepository.java
C:\Users\nicol\Downloads\imbobiliaria\src\main\java\br\edu\iftm\ds\exemplos\imobiliaria\domain\Corretor.java
C:\Users\nicol\Downloads\imbobiliaria\src\main\java\br\edu\iftm\ds\exemplos\imobiliaria\config\Jwts.java
C:\Users\nicol\Downloads\imbobiliaria\src\main\java\br\edu\iftm\ds\exemplos\imobiliaria\domain\StatusImovel.java
C:\Users\nicol\Downloads\imbobiliaria\src\main\java\br\edu\iftm\ds\exemplos\imobiliaria\config\Keys.java
C:\Users\nicol\Downloads\imbobiliaria\src\main\java\br\edu\iftm\ds\exemplos\imobiliaria\domain\Endereco.java
C:\Users\nicol\Downloads\imbobiliaria\src\main\java\br\edu\iftm\ds\exemplos\imobiliaria\repository\StatusImovelRepository.java
C:\Users\nicol\Downloads\imbobiliaria\src\main\java\br\edu\iftm\ds\exemplos\imobiliaria\domain\Imovel.java
C:\Users\nicol\Downloads\imbobiliaria\src\main\java\br\edu\iftm\ds\exemplos\imobiliaria\Service\UsuarioService.java
C:\Users\nicol\Downloads\imbobiliaria\src\main\java\br\edu\iftm\ds\exemplos\imobiliaria\config\JwtAuthFilter.java
C:\Users\nicol\Downloads\imbobiliaria\src\main\java\br\edu\iftm\ds\exemplos\imobiliaria\control\UsuarioController.java
C:\Users\nicol\Downloads\imbobiliaria\src\main\java\br\edu\iftm\ds\exemplos\imobiliaria\domain\Usuario.java
C:\Users\nicol\Downloads\imbobiliaria\src\main\java\br\edu\iftm\ds\exemplos\imobiliaria\control\AuthController.java
C:\Users\nicol\Downloads\imbobiliaria\src\main\java\br\edu\iftm\ds\exemplos\imobiliaria\repository\ImovelRepository.java
C:\Users\nicol\Downloads\imbobiliaria\src\main\java\br\edu\iftm\ds\exemplos\imobiliaria\repository\ContratoVendaRepository.java
C:\Users\nicol\Downloads\imbobiliaria\src\main\java\br\edu\iftm\ds\exemplos\imobiliaria\dto\AuthResponse.java
C:\Users\nicol\Downloads\imbobiliaria\src\main\java\br\edu\iftm\ds\exemplos\imobiliaria\repository\CorretorRepository.java
